// Jest Snapshot v1, https://goo.gl/fbAQLP

exports[`createIndex expects to create an Index 1`] = `
<Index
  indexId="indexName"
  indexName="indexName"
  root={
    Object {
      "Root": "div",
    }
  }
/>
`;
