// Jest Snapshot v1, https://goo.gl/fbAQLP

exports[`createInstantSearch wraps InstantSearch 1`] = `
Object {
  "algoliaClient": Object {
    "addAlgoliaAgent": [MockFunction] {
      "calls": Array [
        Array [
          "react-instantsearch 4.3.0-beta.0",
        ],
      ],
    },
  },
  "children": undefined,
  "createURL": undefined,
  "indexName": "name",
  "onSearchParameters": undefined,
  "onSearchStateChange": undefined,
  "refresh": false,
  "resultsState": undefined,
  "root": Object {
    "Root": "div",
  },
  "searchParameters": undefined,
  "searchState": undefined,
  "stalledSearchDelay": 200,
}
`;
